// Jest Snapshot v1, https://goo.gl/fbAQLP

exports[`<Login /> should submit the form with username and password 1`] = `
<div
  className="undefined undefined"
>
  <h4
    className="uppercase center-text f__35 mt__30"
  >
    login
  </h4>
  <form
    data-testid="loginForm"
    onSubmit={[Function]}
  >
    <div>
      <label
        className="undefined capitalize"
        htmlFor="username"
      >
        username
      </label>
      <input
        className="undefined"
        data-testid="username"
        id="username"
        name="username"
        onChange={[Function]}
        placeholder="type username here..."
        required={true}
        type="text"
        value="Test1"
      />
    </div>
    <div>
      <label
        className="undefined capitalize"
        htmlFor="password"
      >
        password
      </label>
      <input
        className="undefined"
        data-testid="password"
        id="password"
        name="password"
        onChange={[Function]}
        placeholder="*********"
        required={true}
        type="password"
        value="TalentQL"
      />
    </div>
    <div
      className="center-text"
    >
      <button
        className="undefined uppercase"
        data-testid="submit"
        type="submit"
      >
        login
      </button>
    </div>
  </form>
</div>
`;
